// Jest Snapshot v1, https://goo.gl/fbAQLP

exports[`Button should render button correctly 1`] = `
<View
  accessibilityState={
    {
      "busy": undefined,
      "checked": undefined,
      "disabled": false,
      "expanded": undefined,
      "selected": undefined,
    }
  }
  accessibilityValue={
    {
      "max": undefined,
      "min": undefined,
      "now": undefined,
      "text": undefined,
    }
  }
  accessible={true}
  collapsable={false}
  focusable={true}
  onBlur={[Function]}
  onClick={[Function]}
  onFocus={[Function]}
  onResponderGrant={[Function]}
  onResponderMove={[Function]}
  onResponderRelease={[Function]}
  onResponderTerminate={[Function]}
  onResponderTerminationRequest={[Function]}
  onStartShouldSetResponder={[Function]}
  style={
    [
      {},
    ]
  }
>
  <View
    accessible={false}
    color="white"
    style={
      [
        {},
        [
          {
            "alignItems": "center",
            "alignSelf": "flex-start",
            "backgroundColor": "#F27A1A",
            "borderColor": "#F27A1A",
            "borderRadius": 6,
            "borderWidth": 1,
            "flexDirection": "row",
            "height": 40,
            "justifyContent": "center",
            "paddingHorizontal": 24,
          },
        ],
      ]
    }
  >
    <Text
      accessibilityLabel="button-text"
      accessible={true}
      style={
        [
          {
            "color": "#FFFFFF",
            "fontFamily": "Rubik-Medium",
            "fontSize": 14,
            "fontWeight": "500",
            "lineHeight": 16,
            "marginLeft": 0,
          },
        ]
      }
      testID="button-text"
    >
      testtesttest
    </Text>
  </View>
</View>
`;
