// Jest Snapshot v1, https://goo.gl/fbAQLP

exports[`Switch should render switch correctly 1`] = `
<View
  accessible={false}
  style={
    [
      {},
      [
        {
          "alignItems": "center",
          "flexDirection": "row",
        },
      ],
    ]
  }
>
  <View
    accessibilityLabel="switch"
    accessibilityState={
      {
        "busy": undefined,
        "checked": undefined,
        "disabled": undefined,
        "expanded": undefined,
        "selected": undefined,
      }
    }
    accessibilityValue={
      {
        "max": undefined,
        "min": undefined,
        "now": undefined,
        "text": undefined,
      }
    }
    accessible={true}
    collapsable={false}
    focusable={true}
    onBlur={[Function]}
    onClick={[Function]}
    onFocus={[Function]}
    onResponderGrant={[Function]}
    onResponderMove={[Function]}
    onResponderRelease={[Function]}
    onResponderTerminate={[Function]}
    onResponderTerminationRequest={[Function]}
    onStartShouldSetResponder={[Function]}
    style={
      [
        {
          "opacity": 1,
        },
      ]
    }
    testID="switch"
  >
    <View
      accessibilityLabel="switch-outer-view"
      backgroundColor="rgba(175, 187, 202, 1)"
      collapsable={false}
      style={
        {
          "alignItems": "center",
          "borderRadius": 999,
          "flexDirection": "row",
          "height": 24,
          "paddingHorizontal": 2,
          "width": 48,
        }
      }
      testID="switch-outer-view"
    >
      <View
        accessibilityLabel="switch-inner-view"
        backgroundColor="white"
        collapsable={false}
        style={
          {
            "borderRadius": 999,
            "height": 20,
            "transform": [
              {
                "translateX": 0,
              },
              {
                "translateX": 0,
              },
            ],
            "width": 20,
          }
        }
        testID="switch-inner-view"
      />
    </View>
  </View>
</View>
`;
