// Jest Snapshot v1, https://goo.gl/fbAQLP

exports[`Text should render text correctly 1`] = `
<Text
  accessibilityLabel="text"
  accessible={true}
  style={
    Array [
      Object {
        "color": "#273142",
        "fontFamily": "Rubik-Regular",
        "fontSize": 14,
      },
    ]
  }
  testID="text"
>
  testtesttest
</Text>
`;
