// Jest Snapshot v1, https://goo.gl/fbAQLP

exports[`Spinner should render Spinner correctly 1`] = `
<RNSVGSvgView
  accessible={false}
  align="xMidYMid"
  bbHeight={24}
  bbWidth={24}
  collapsable={false}
  fill="#FFFFFF"
  focusable={false}
  height={24}
  meetOrSlice={0}
  minX={0}
  minY={0}
  style={
    [
      {
        "backgroundColor": "transparent",
        "borderWidth": 0,
      },
      {
        "transform": [
          {
            "rotate": "0deg",
          },
        ],
      },
      {
        "flex": 0,
        "height": 24,
        "width": 24,
      },
    ]
  }
  transform={
    [
      {
        "rotate": "0deg",
      },
    ]
  }
  vbHeight={48}
  vbWidth={48}
  width={24}
  xmlns="http://www.w3.org/2000/svg"
>
  <RNSVGGroup
    fill={
      {
        "payload": 4294967295,
        "type": 0,
      }
    }
    propList={
      [
        "fill",
      ]
    }
  >
    <RNSVGPath
      d="M48 24c0 13.255-10.745 24-24 24S0 37.255 0 24 10.745 0 24 0s24 10.745 24 24zM7.2 24c0 9.278 7.522 16.8 16.8 16.8S40.8 33.278 40.8 24 33.278 7.2 24 7.2 7.2 14.722 7.2 24z"
      fill={
        {
          "payload": 4294081050,
          "type": 0,
        }
      }
      opacity={0.3}
      propList={
        [
          "fill",
        ]
      }
    />
    <RNSVGPath
      d="M44.4 24c1.988 0 3.628-1.62 3.33-3.587A23.999 23.999 0 0027.587.27C25.62-.028 24 1.612 24 3.6s1.63 3.561 3.573 3.984a16.8 16.8 0 0112.843 12.843C40.839 22.37 42.412 24 44.4 24z"
      fill={
        {
          "payload": 4294081050,
          "type": 0,
        }
      }
      propList={
        [
          "fill",
        ]
      }
    />
  </RNSVGGroup>
</RNSVGSvgView>
`;
