// Jest Snapshot v1, https://goo.gl/fbAQLP

exports[`Text should render text correctly 1`] = `
<Text
  color="contentPrimary"
  style={
    Array [
      Object {
        "color": "#273142",
        "fontFamily": "Rubik-Regular",
        "fontSize": 14,
        "fontWeight": "400",
        "lineHeight": 16,
      },
    ]
  }
  variant="bodyText"
>
  testtesttest
</Text>
`;
