// Jest Snapshot v1, https://goo.gl/fbAQLP

exports[`AlertIcon should render alert icon correctly 1`] = `
<RNSVGSvgView
  align="xMidYMid"
  bbHeight={16}
  bbWidth={16}
  fill="#F27A1A"
  focusable={false}
  height={16}
  meetOrSlice={0}
  minX={0}
  minY={0}
  style={
    [
      {
        "backgroundColor": "transparent",
        "borderWidth": 0,
      },
      {
        "flex": 0,
        "height": 16,
        "width": 16,
      },
    ]
  }
  testID="alert-icon"
  title="info"
  vbHeight={24}
  vbWidth={24}
  width={16}
  xmlns="http://www.w3.org/2000/svg"
>
  <RNSVGGroup
    fill={
      {
        "payload": 4294081050,
        "type": 0,
      }
    }
    propList={
      [
        "fill",
      ]
    }
  >
    <RNSVGPath
      clipRule={0}
      d="M12 0c6.627 0 12 5.373 12 12s-5.373 12-12 12S0 18.627 0 12 5.373 0 12 0Zm-1.5 11.5a1.5 1.5 0 0 1 3 0v5a1.5 1.5 0 0 1-3 0v-5ZM12 6a1.5 1.5 0 1 0 0 3 1.5 1.5 0 0 0 0-3Z"
      fill={
        {
          "payload": 4294081050,
          "type": 0,
        }
      }
      fillRule={0}
      propList={
        [
          "fill",
          "fillRule",
        ]
      }
    />
  </RNSVGGroup>
</RNSVGSvgView>
`;

exports[`AlertIcon should render null when icon false 1`] = `null`;
