// Jest Snapshot v1, https://goo.gl/fbAQLP

exports[`Input Help Text should render help text correctly 1`] = `
<View
  accessible={false}
  style={
    [
      {
        "marginTop": 4,
      },
    ]
  }
>
  <Text
    accessible={false}
    style={
      [
        {
          "color": "#95A1B5",
          "fontFamily": "Rubik-Regular",
          "fontSize": 12,
          "fontWeight": "400",
          "lineHeight": 14,
          "textAlign": "left",
        },
      ]
    }
  >
    help text
  </Text>
</View>
`;

exports[`Input Help Text should render null when not has help text 1`] = `null`;

exports[`Input Help Text should render null when not has help text, error text and success text 1`] = `null`;
