// Jest Snapshot v1, https://goo.gl/fbAQLP

exports[`FlagIcon should render icon correctly 1`] = `
<RNSVGSvgView
  accessibilityLabel="flagIcon"
  align="xMidYMid"
  bbHeight={24}
  bbWidth={24}
  fill="none"
  focusable={false}
  height={24}
  meetOrSlice={0}
  minX={0}
  minY={0}
  style={
    [
      {
        "backgroundColor": "transparent",
        "borderWidth": 0,
      },
      {
        "flex": 0,
        "height": 24,
        "width": 24,
      },
    ]
  }
  testID="flagIcon"
  title="turkey"
  vbHeight={24}
  vbWidth={24}
  width={24}
  xmlns="http://www.w3.org/2000/svg"
>
  <RNSVGGroup
    fill={null}
    propList={
      [
        "fill",
      ]
    }
  >
    <RNSVGGroup
      clipPath="a"
      fill={
        {
          "payload": 4278190080,
          "type": 0,
        }
      }
    >
      <RNSVGPath
        d="M12 24c6.627 0 12-5.373 12-12S18.627 0 12 0 0 5.373 0 12s5.373 12 12 12Z"
        fill={
          {
            "payload": 4292345895,
            "type": 0,
          }
        }
        propList={
          [
            "fill",
          ]
        }
      />
      <RNSVGPath
        d="m15.165 9.98.985 1.356 1.595-.517-.987 1.356.985 1.357-1.594-.52-.986 1.356v-1.676l-1.593-.519 1.594-.517.001-1.676Z"
        fill={
          {
            "payload": 4293980400,
            "type": 0,
          }
        }
        propList={
          [
            "fill",
          ]
        }
      />
      <RNSVGPath
        d="M12.478 15.565a3.391 3.391 0 1 1 1.613-6.375 4.174 4.174 0 1 0 0 5.967c-.48.26-1.029.408-1.613.408Z"
        fill={
          {
            "payload": 4293980400,
            "type": 0,
          }
        }
        propList={
          [
            "fill",
          ]
        }
      />
    </RNSVGGroup>
    <RNSVGDefs>
      <RNSVGClipPath
        fill={
          {
            "payload": 4278190080,
            "type": 0,
          }
        }
        name="a"
      >
        <RNSVGPath
          d="M0 0h24v24H0z"
          fill={
            {
              "payload": 4294967295,
              "type": 0,
            }
          }
          propList={
            [
              "fill",
            ]
          }
        />
      </RNSVGClipPath>
    </RNSVGDefs>
  </RNSVGGroup>
</RNSVGSvgView>
`;
